react install = npx creat-react-app client





PS C:\Users\visha\amajon> cd server
PS C:\Users\visha\amajon\server> npm init -y
Wrote to C:\Users\visha\amajon\server\package.json:

{
  "name": "server",
  "version": "1.0.0",
  "description": "",
  "main": "app.js",
  "scripts": {
    "test": "echo \"Error: no test specified\" && exit 1" 
  },
  "keywords": [],
  "author": "",
  "license": "ISC",
  "type": "commonjs"



  serve run = node app.js



  PS C:\Users\visha\amajon> cd client                      //react
PS C:\Users\visha\amajon\client> npm start









PS C:\Users\visha\amajon\my-app> npm install react-material-ui-carousel --save --legacy-peer-deps

added 43 packages, changed 68 packages, and audited 1354 packages in 1m

277 packages are looking for funding
  run `npm fund` for details

9 vulnerabilities (3 moderate, 6 high)

To address all issues (including breaking changes), run:
  npm audit fix --force

Run `npm audit` for details.











PS C:\Users\visha\amajon\my-app> npm install react-redux --save --legacy-peer-deps

added 3 packages, and audited 1358 packages in 4s

278 packages are looking for funding
  run `npm fund` for details

9 vulnerabilities (3 moderate, 6 high)

To address all issues (including breaking changes), run:
  npm audit fix --force

Run `npm audit` for details.
PS C:\Users\visha\amajon\my-app> 



PS C:\Users\visha\amajon\my-app> npm i  react-multi-carousel --legacy-peer-deps





PS C:\Users\visha\amajon\my-app> yarn add react-router-dom



PS C:\Users\visha\amajon\my-app> npm install react-router-dom --legacy-peer-deps

added 15 packages, removed 187 packages, changed 107 packages, and audited 1580 packages in 16s

289 packages are looking for funding
  run `npm fund` for details

10 vulnerabilities (1 low, 3 moderate, 6 high)

To address issues that do not require attention, run:
  npm audit fix

To address all issues (including breaking changes), run:        
  npm audit fix --force

Run `npm audit` for details.
PS C:\Users\visha\amajon\my-app>  cd..




//server runninh
PS C:\Users\visha\amajon\server> nodemon app.js
[nodemon] 3.1.9
[nodemon] to restart at any time, enter `rs`
[nodemon] watching path(s): *.*
[nodemon] watching extensions: js,mjs,cjs,json
[nodemon] starting `node app.js`
┌───────────────────────────────────┐
│ New version of nodemon available! │
│ Current Version: 3.1.9            │
│ Latest Version: 3.1.10            │
└───────────────────────────────────┘
server is running on port number 8005
data base connected



S C:\Users\visha\amajon\server> npm i cors                                frontted and backenf run different port

added 2 packages, and audited 88 packages in 2s

16 packages are looking for funding
  run `npm fund` for details

found 0 vulnerabilities
PS C:\Users\visha\amajon\server> 












PS C:\Users\visha\amajon\my-app> npm i redux react-redux --legacy-peer-deps
PS C:\Users\visha\amajon\my-app> npm i redux-thunk --legacy-peer-deps
S C:\Users\visha\amajon\my-app>   npm audit fix --force








npm install react@18 react-dom@18 react-scripts@5.0.1 --legacy-peer-deps
npm install redux@4 react-redux@8 redux-thunk redux-devtools-extension --legacy-peer-deps
npm install @mui/material @emotion/react @emotion/styled --legacy-peer-deps
npm install react-material-ui-carousel@3.4.2 --legacy-peer-deps
npm install ajv@8 ajv-keywords@5 --legacy-peer-deps


PS C:\Users\visha\amajon\server> npm i validator
PS C:\Users\visha\amajon\server> npm i bcryptjsn

PS C:\Users\visha\amajon\server> npm i jsonwebtokennodemon
PS C:\Users\visha\amajon\server> npm i cookie-parser


PS C:\Users\visha\amajon\my-app>  npm i react-toastify  --legacy-peer-deps

